---
source: backend/llm/src/providers/openai.rs
expression: body
---
{
  "model": "openai/gpt-4.1-mini",
  "messages": [
    {
      "role": "system",
      "content": "You are Sable.Prefer exact provider facts."
    },
    {
      "role": "user",
      "content": "Check the provider route."
    },
    {
      "role": "assistant",
      "content": "I'll inspect the route.",
      "tool_calls": [
        {
          "id": "call_1",
          "type": "function",
          "function": {
            "name": "read",
            "arguments": "{\"path\":\"CONFIGURATION.md\"}"
          }
        }
      ],
      "reasoning": "The route should stay OpenAI-shaped."
    },
    {
      "role": "tool",
      "tool_call_id": "call_1",
      "content": "openrouter_provider = { order = [\"OpenAI\"] }"
    },
    {
      "role": "system",
      "content": "Keep the response short."
    },
    {
      "role": "user",
      "content": "Now answer."
    }
  ],
  "max_tokens": 2048,
  "stream": true,
  "stream_options": {
    "include_usage": true
  },
  "tools": [
    {
      "type": "function",
      "function": {
        "name": "read",
        "description": "Read a workspace file.",
        "parameters": {
          "type": "object",
          "properties": {
            "path": {
              "type": "string"
            }
          },
          "required": [
            "path"
          ]
        }
      }
    }
  ],
  "temperature": 0.2,
  "top_p": 0.95,
  "reasoning_effort": "medium",
  "provider": {
    "order": [
      "OpenAI"
    ],
    "allow_fallbacks": false
  }
}
